$ run.sh log-n20.txt -n 20 -of 1 -l 10
Mon Nov 22 04:08:55 CET 2021
preparing environment & load modules

Currently Loaded Modules:
  1) compiler/gnu/11.1

 

loading openmpi 4.1
loading cmake 3.18

Currently Loaded Modules:
  1) compiler/gnu/11.1   2) mpi/openmpi/4.1   3) devel/cmake/3.18

 

g++ (GCC) 11.1.0
building
running
Mon Nov 22 04:08:56 CET 2021
slurmstepd: error: *** JOB 20211878 ON uc2n362 CANCELLED AT 2021-11-22T04:12:49 DUE TO TIME LIMIT ***

============================= JOB FEEDBACK =============================

NodeName=uc2n362
Job ID: 20211878
Cluster: uc2
User/Group: ul_jbw85/ul_student
State: TIMEOUT (exit code 0)
Nodes: 1
Cores per node: 80
CPU Utilized: 00:00:01
CPU Efficiency: 0.00% of 05:45:20 core-walltime
Job Wall-clock time: 00:04:19
Memory Utilized: 5.25 GB
Memory Efficiency: 67.18% of 7.81 GB
