$ run.sh log.txt -n 10 -o 0 -l 20
Mon Nov 22 03:50:56 CET 2021
preparing environment & load modules

Currently Loaded Modules:
  1) compiler/gnu/11.1

 

loading openmpi 4.1
loading cmake 3.18

Currently Loaded Modules:
  1) compiler/gnu/11.1   2) mpi/openmpi/4.1   3) devel/cmake/3.18

 

g++ (GCC) 11.1.0
building
running
Mon Nov 22 03:51:04 CET 2021

============================= JOB FEEDBACK =============================

NodeName=uc2n361
Job ID: 20211875
Cluster: uc2
User/Group: ul_jbw85/ul_student
State: FAILED (exit code 134)
Nodes: 1
Cores per node: 80
CPU Utilized: 00:05:47
CPU Efficiency: 1.15% of 08:21:20 core-walltime
Job Wall-clock time: 00:06:16
Memory Utilized: 5.20 GB
Memory Efficiency: 66.58% of 7.81 GB
