$ run.sh log-n20.txt -n 20 -of 1 -l 10
Mon Nov 22 04:12:50 CET 2021
preparing environment & load modules

Currently Loaded Modules:
  1) compiler/gnu/11.1

 

loading openmpi 4.1
loading cmake 3.18

Currently Loaded Modules:
  1) compiler/gnu/11.1   2) mpi/openmpi/4.1   3) devel/cmake/3.18

 

g++ (GCC) 11.1.0
building
output file already exists!

============================= JOB FEEDBACK =============================

NodeName=uc2n361
Job ID: 20211879
Cluster: uc2
User/Group: ul_jbw85/ul_student
State: COMPLETED (exit code 0)
Nodes: 1
Cores per node: 80
CPU Utilized: 00:00:01
CPU Efficiency: 0.05% of 00:33:20 core-walltime
Job Wall-clock time: 00:00:25
Memory Utilized: 2.24 MB
Memory Efficiency: 0.03% of 7.81 GB
